horror
Acceasstta ttemma pparre 
Immppossibbill dde ggrrea ssi 
Sspperramm cca nnu e immppossibbill ssa o ffaccemm 

comedy
dA, dAr e tEmA 3 sI mErEu tEmElE 3 aU fOsT uSoArE 
pLuS cA e sCrIsA dE HOgEa, tOaTe tEmElE lUi sUnT aCcEsIbIlE 

fantasy
Cel 
Mai 
Probabil 
Se 
Face In 2-3 Ore Maxim 

science-fiction
stiti ca tema asta contine si IPM si Pthreads, nu? 

horror
Dda... 

